--------------------------------------------------------------------------------------
Timing Analyzer Summary
--------------------------------------------------------------------------------------

Type           : Worst-case tco
Slack          : N/A
Required Time  : None
Actual Time    : 10.777 ns
From           : scan_r_tmp[4]
To             : scan[4]
From Clock     : clk_in
To Clock       : --
Failed Paths   : 0

Type           : Worst-case tpd
Slack          : N/A
Required Time  : None
Actual Time    : 10.508 ns
From           : sw_in[1]
To             : scan[5]
From Clock     : --
To Clock       : --
Failed Paths   : 0

Type           : Clock Setup: 'clk_in'
Slack          : N/A
Required Time  : None
Actual Time    : Restricted to 304.04 MHz ( period = 3.289 ns )
From           : scan_o_tmp[4]
To             : scan_o_tmp[6]
From Clock     : clk_in
To Clock       : clk_in
Failed Paths   : 0

Type           : Total number of failed paths
Slack          : 
Required Time  : 
Actual Time    : 
From           : 
To             : 
From Clock     : 
To Clock       : 
Failed Paths   : 0

--------------------------------------------------------------------------------------

